// Jest Snapshot v1, https://goo.gl/fbAQLP

exports[`App Should match the snapshot with the correct data 1`] = `
<main
  className="app"
>
  <h1
    className="app-title"
  >
    Turing Cafe!
  </h1>
  <Form
    handleAddReservation={[Function]}
  />
  <ReservationContainer
    reservations={Array []}
  />
</main>
`;

exports[`ReservationCard Should match the snapshot with the correct data 1`] = `
<article>
  <h1
    className="article-h1"
  >
    Name: 
  </h1>
  <h2
    className="article-h2"
  >
    Date: 
  </h2>
  <h3
    className="article-h3"
  >
    Time: 
  </h3>
  <h3
    className="article-h4"
  >
    Number of guests: 
  </h3>
</article>
`;
