// Jest Snapshot v1, https://goo.gl/fbAQLP

exports[`App Should match the snapshot with the correct data 1`] = `
<main
  className="app"
>
  <h1
    className="app-title"
  >
    Turing Cafe!
  </h1>
  <Form
    handleAddReservation={[Function]}
  />
  <ReservationContainer
    reservations={Array []}
  />
</main>
`;
